
eorate@PMA10F01W308237 MINGW64 /c/xampp/htdocs/myportfolio (master)
$ git init
Initialized empty Git repository in C:/xampp/htdocs/myportfolio/.git/

eorate@PMA10F01W308237 MINGW64 /c/xampp/htdocs/myportfolio (master)
$ git remote add origin https://github.com/eric-ibinex/myportfolio.git

eorate@PMA10F01W308237 MINGW64 /c/xampp/htdocs/myportfolio (master)
$ git status
On branch master

No commits yet

Untracked files:
  (use "git add <file>..." to include in what will be committed)

        css/
        images/
        index.php
        pages/

nothing added to commit but untracked files present (use "git add" to track)

eorate@PMA10F01W308237 MINGW64 /c/xampp/htdocs/myportfolio (master)
$ git add .

eorate@PMA10F01W308237 MINGW64 /c/xampp/htdocs/myportfolio (master)
$ git commit -m "My Portfolio"
[master (root-commit) eed4f96] My Portfolio
 Committer: Eric James Orate <eorate@ad.acquireap>
Your name and email address were configured automatically based
on your username and hostname. Please check that they are accurate.
You can suppress this message by setting them explicitly. Run the
following command and follow the instructions in your editor to edit
your configuration file:

    git config --global --edit

After doing this, you may fix the identity used for this commit with:

    git commit --amend --reset-author

 9 files changed, 233 insertions(+)
 create mode 100644 css/navpane.css
 create mode 100644 css/style.css
 create mode 100644 images/eric.png
 create mode 100644 images/roboarm.png
 create mode 100644 images/user.png
 create mode 100644 index.php
 create mode 100644 pages/footer.php
 create mode 100644 pages/home.php
 create mode 100644 pages/navpane.php

eorate@PMA10F01W308237 MINGW64 /c/xampp/htdocs/myportfolio (master)
$ git add .

eorate@PMA10F01W308237 MINGW64 /c/xampp/htdocs/myportfolio (master)
$ git status
On branch master
nothing to commit, working tree clean

eorate@PMA10F01W308237 MINGW64 /c/xampp/htdocs/myportfolio (master)
$ git remote -v
origin  https://github.com/eric-ibinex/myportfolio.git (fetch)
origin  https://github.com/eric-ibinex/myportfolio.git (push)

eorate@PMA10F01W308237 MINGW64 /c/xampp/htdocs/myportfolio (master)
$ git push origin master
